PHPUnit 10.5.45 by Sebastian Bergmann and contributors.

Runtime:       PHP 8.2.27
Configuration: C:\Users\rayen\laravelProjects\TeleMonit-pfe\phpunit.xml

....                                                                4 / 4 (100%)

Time: 00:00.633, Memory: 40.00 MB

OK (4 tests, 12 assertions)
